/var/spool/slurm/d/job241450/slurm_script: line 11: micromamba: command not found
/var/spool/slurm/d/job241450/slurm_script: line 12: micromamba: command not found
ls: cannot access '/vol/bitbucket/mz325/individual_project/data/TUM/rgbd_dataset_freiburg1_desk/rgb/*.png': No such file or directory
/vol/bitbucket/mz325/envs/como/lib/python3.10/site-packages/torchvision/models/_utils.py:208: UserWarning: The parameter 'pretrained' is deprecated since 0.13 and may be removed in the future, please use 'weights' instead.
  warnings.warn(
/vol/bitbucket/mz325/envs/como/lib/python3.10/site-packages/torchvision/models/_utils.py:223: UserWarning: Arguments other than a weight enum or `None` for 'weights' are deprecated since 0.13 and may be removed in the future. The current behavior is equivalent to passing `weights=ResNet18_Weights.IMAGENET1K_V1`. You can also use `weights=ResNet18_Weights.DEFAULT` to get the most up-to-date weights.
  warnings.warn(msg)
Traceback (most recent call last):
  File "/vol/bitbucket/mz325/envs/como/lib/python3.10/site-packages/PIL/Image.py", line 3231, in open
    fp.seek(0)
AttributeError: 'str' object has no attribute 'seek'

During handling of the above exception, another exception occurred:

Traceback (most recent call last):
  File "/vol/bitbucket/mz325/individual_project/visualize_top_channels.py", line 295, in <module>
    main()
  File "/vol/bitbucket/mz325/individual_project/visualize_top_channels.py", line 239, in main
    features, original_img = extract_features(feature_extractor, args.image_path)
  File "/vol/bitbucket/mz325/individual_project/visualize_top_channels.py", line 54, in extract_features
    img = Image.open(image_path).convert('RGB')
  File "/vol/bitbucket/mz325/envs/como/lib/python3.10/site-packages/PIL/Image.py", line 3233, in open
    fp = io.BytesIO(fp.read())
AttributeError: 'str' object has no attribute 'read'
