/vol/bitbucket/mz325/individual_project/visualize_ablation_results.py:864: UserWarning: Glyph 9733 (\N{BLACK STAR}) missing from font(s) DejaVu Serif.
  plt.tight_layout()
/vol/bitbucket/mz325/individual_project/visualize_ablation_results.py:866: UserWarning: Glyph 9733 (\N{BLACK STAR}) missing from font(s) DejaVu Serif.
  plt.savefig(save_path, bbox_inches='tight')
Traceback (most recent call last):
  File "/vol/bitbucket/mz325/individual_project/visualize_ablation_results.py", line 917, in <module>
    classify_and_summarize_channels(output_dir, device)
  File "/vol/bitbucket/mz325/individual_project/visualize_ablation_results.py", line 873, in classify_and_summarize_channels
    json.dump(classifications, f, indent=2)
  File "/vol/bitbucket/mz325/envs/como/lib/python3.10/json/__init__.py", line 179, in dump
    for chunk in iterable:
  File "/vol/bitbucket/mz325/envs/como/lib/python3.10/json/encoder.py", line 429, in _iterencode
    yield from _iterencode_list(o, _current_indent_level)
  File "/vol/bitbucket/mz325/envs/como/lib/python3.10/json/encoder.py", line 325, in _iterencode_list
    yield from chunks
  File "/vol/bitbucket/mz325/envs/como/lib/python3.10/json/encoder.py", line 405, in _iterencode_dict
    yield from chunks
  File "/vol/bitbucket/mz325/envs/como/lib/python3.10/json/encoder.py", line 438, in _iterencode
    o = _default(o)
  File "/vol/bitbucket/mz325/envs/como/lib/python3.10/json/encoder.py", line 179, in default
    raise TypeError(f'Object of type {o.__class__.__name__} '
TypeError: Object of type float32 is not JSON serializable
