libEGL warning: failed to open /dev/dri/card4: Permission denied

libEGL warning: failed to open /dev/dri/card3: Permission denied

libEGL warning: failed to open /dev/dri/card2: Permission denied

libEGL warning: failed to open /dev/dri/card1: Permission denied

libEGL warning: failed to open /dev/dri/card4: Permission denied

libEGL warning: failed to open /dev/dri/card3: Permission denied

libEGL warning: failed to open /dev/dri/card2: Permission denied

libEGL warning: failed to open /dev/dri/card1: Permission denied

libEGL warning: failed to open /dev/dri/card4: Permission denied

libEGL warning: failed to open /dev/dri/card3: Permission denied

libEGL warning: failed to open /dev/dri/card2: Permission denied

libEGL warning: failed to open /dev/dri/card1: Permission denied

The XKEYBOARD keymap compiler (xkbcomp) reports:
> Warning:          Could not resolve keysym XF86CameraAccessEnable
> Warning:          Could not resolve keysym XF86CameraAccessDisable
> Warning:          Could not resolve keysym XF86CameraAccessToggle
> Warning:          Could not resolve keysym XF86NextElement
> Warning:          Could not resolve keysym XF86PreviousElement
> Warning:          Could not resolve keysym XF86AutopilotEngageToggle
> Warning:          Could not resolve keysym XF86MarkWaypoint
> Warning:          Could not resolve keysym XF86Sos
> Warning:          Could not resolve keysym XF86NavChart
> Warning:          Could not resolve keysym XF86FishingChart
> Warning:          Could not resolve keysym XF86SingleRangeRadar
> Warning:          Could not resolve keysym XF86DualRangeRadar
> Warning:          Could not resolve keysym XF86RadarOverlay
> Warning:          Could not resolve keysym XF86TraditionalSonar
> Warning:          Could not resolve keysym XF86ClearvuSonar
> Warning:          Could not resolve keysym XF86SidevuSonar
> Warning:          Could not resolve keysym XF86NavInfo
Errors from xkbcomp are not fatal to the X server
/vol/bitbucket/mz325/envs/como/lib/python3.10/site-packages/lightning_lite/utilities/cloud_io.py:48: FutureWarning: You are using `torch.load` with `weights_only=False` (the current default value), which uses the default pickle module implicitly. It is possible to construct malicious pickle data which will execute arbitrary code during unpickling (See https://github.com/pytorch/pytorch/blob/main/SECURITY.md#untrusted-models for more details). In a future release, the default value for `weights_only` will be flipped to `True`. This limits the functions that could be executed during unpickling. Arbitrary objects will no longer be allowed to be loaded via this mode unless they are explicitly allowlisted by the user via `torch.serialization.add_safe_globals`. We recommend you start setting `weights_only=True` for any use case where you don't have full control of the loaded file. Please open an issue on GitHub for any issues related to this experimental feature.
  return torch.load(f, map_location=map_location)
Exception in thread UpdateMain:
Traceback (most recent call last):
  File "/vol/bitbucket/mz325/envs/como/lib/python3.10/threading.py", line 1016, in _bootstrap_inner
    self.run()
  File "/vol/bitbucket/mz325/envs/como/lib/python3.10/threading.py", line 953, in run
    self._target(*self._args, **self._kwargs)
  File "/vol/bitbucket/mz325/individual_project/como/como/gui/GuiWindow.py", line 579, in update_main
    self.iter(timestamp, rgb)
  File "/vol/bitbucket/mz325/individual_project/como/como/odom/sequential/ComoSeq.py", line 73, in iter
    kf_viz_data, kf_ref_data = self.mapping.map(track_data_map)
  File "/vol/bitbucket/mz325/individual_project/como/como/odom/sequential/MappingSeq.py", line 24, in map
    kf_updated = self.attempt_two_frame_init(timestamp, rgb)
  File "/vol/bitbucket/mz325/individual_project/como/como/odom/Mapping.py", line 594, in attempt_two_frame_init
    ) = self.two_frame_sfm.handle_frame(rgb, timestamp)
  File "/vol/bitbucket/mz325/individual_project/como/como/odom/frontend/TwoFrameSfm.py", line 33, in handle_frame
    self.init_frame(timestamp, rgb, img_and_grads)
  File "/vol/bitbucket/mz325/individual_project/como/como/odom/frontend/TwoFrameSfm.py", line 130, in init_frame
    self.coords_m, _ = sample_sparse_coords(
  File "/vol/bitbucket/mz325/individual_project/como/como/depth_cov/core/samplers.py", line 82, in sample_sparse_coords
    new_coord_vec_inds = greedy_conditional_entropy(
  File "/vol/bitbucket/mz325/individual_project/como/como/depth_cov/core/samplers.py", line 298, in greedy_conditional_entropy
    coord_vec_inds, coords_n_norm, E_n, L, obs_info, m = precalc_entropy_vars(
  File "/vol/bitbucket/mz325/individual_project/como/como/depth_cov/core/samplers.py", line 180, in precalc_entropy_vars
    K_nn += torch.diag_embed(fixed_var * torch.ones(b, m, device=device))
RuntimeError: CUDA error: no kernel image is available for execution on the device
CUDA kernel errors might be asynchronously reported at some other API call, so the stacktrace below might be incorrect.
For debugging consider passing CUDA_LAUNCH_BLOCKING=1
Compile with `TORCH_USE_CUDA_DSA` to enable device-side assertions.

slurmstepd: error: *** JOB 250053 ON merlin CANCELLED AT 2026-06-14T22:39:38 ***
