libEGL warning: failed to open /dev/dri/card3: Permission denied

libEGL warning: failed to open /dev/dri/card2: Permission denied

libEGL warning: failed to open /dev/dri/card1: Permission denied

libEGL warning: failed to open /dev/dri/card3: Permission denied

libEGL warning: failed to open /dev/dri/card2: Permission denied

libEGL warning: failed to open /dev/dri/card1: Permission denied

libEGL warning: failed to open /dev/dri/card3: Permission denied

libEGL warning: failed to open /dev/dri/card2: Permission denied

libEGL warning: failed to open /dev/dri/card1: Permission denied

The XKEYBOARD keymap compiler (xkbcomp) reports:
> Warning:          Could not resolve keysym XF86CameraAccessEnable
> Warning:          Could not resolve keysym XF86CameraAccessDisable
> Warning:          Could not resolve keysym XF86CameraAccessToggle
> Warning:          Could not resolve keysym XF86NextElement
> Warning:          Could not resolve keysym XF86PreviousElement
> Warning:          Could not resolve keysym XF86AutopilotEngageToggle
> Warning:          Could not resolve keysym XF86MarkWaypoint
> Warning:          Could not resolve keysym XF86Sos
> Warning:          Could not resolve keysym XF86NavChart
> Warning:          Could not resolve keysym XF86FishingChart
> Warning:          Could not resolve keysym XF86SingleRangeRadar
> Warning:          Could not resolve keysym XF86DualRangeRadar
> Warning:          Could not resolve keysym XF86RadarOverlay
> Warning:          Could not resolve keysym XF86TraditionalSonar
> Warning:          Could not resolve keysym XF86ClearvuSonar
> Warning:          Could not resolve keysym XF86SidevuSonar
> Warning:          Could not resolve keysym XF86NavInfo
Errors from xkbcomp are not fatal to the X server
/vol/bitbucket/mz325/envs/como/lib/python3.10/site-packages/lightning_lite/utilities/cloud_io.py:48: FutureWarning: You are using `torch.load` with `weights_only=False` (the current default value), which uses the default pickle module implicitly. It is possible to construct malicious pickle data which will execute arbitrary code during unpickling (See https://github.com/pytorch/pytorch/blob/main/SECURITY.md#untrusted-models for more details). In a future release, the default value for `weights_only` will be flipped to `True`. This limits the functions that could be executed during unpickling. Arbitrary objects will no longer be allowed to be loaded via this mode unless they are explicitly allowlisted by the user via `torch.serialization.add_safe_globals`. We recommend you start setting `weights_only=True` for any use case where you don't have full control of the loaded file. Please open an issue on GitHub for any issues related to this experimental feature.
  return torch.load(f, map_location=map_location)
/vol/bitbucket/mz325/individual_project/como/como/geometry/lie_algebra.py:168: UserWarning: Using torch.cross without specifying the dim arg is deprecated.
Please either pass the dim explicitly or simply use torch.linalg.cross.
The default value of dim will change to agree with that of linalg.cross in a future release. (Triggered internally at /opt/conda/conda-bld/pytorch_1729647382455/work/aten/src/ATen/native/Cross.cpp:62.)
  wnorm_x_t = torch.cross(w_norm, t)
N5utils18PostconditionPanicE
in RenderableManager::Builder::Result filament::RenderableManager::Builder::build(filament::Engine &, utils::Entity):236
reason: [entity=355] AABB can't be empty, unless culling is disabled and the object is not a shadow caster/receiver
#0	pybind.cpython-310-x86_64-linux-gnu.so     0x79881a246cd0 (null) + 133625461107920
#1	pybind.cpython-310-x86_64-linux-gnu.so     0x79881a19dc3a (null) + 133625460415546
#2	pybind.cpython-310-x86_64-linux-gnu.so     0x79880ffc4647 (null) + 133625290704455
#3	pybind.cpython-310-x86_64-linux-gnu.so     0x79880ffc7517 (null) + 133625290716439
#4	pybind.cpython-310-x86_64-linux-gnu.so     0x79880ff6522a (null) + 133625290314282
#5	pybind.cpython-310-x86_64-linux-gnu.so     0x79880d05b17c (null) + 133625240990076
#6	pybind.cpython-310-x86_64-linux-gnu.so     0x79880d428cda (null) + 133625244978394
#7	python                              0x64780dbd9446 (null) + 110466789381190
#8	python                              0x64780dbd297b _PyObject_MakeTpCall + 619
#9	python                              0x64780dbe56e6 (null) + 110466789431014
#10	python                              0x64780dbce022 _PyEval_EvalFrameDefault + 19474
#11	python                              0x64780dbd98cc _PyFunction_Vectorcall + 108
#12	python                              0x64780dbc9b3c _PyEval_EvalFrameDefault + 1836
#13	python                              0x64780dbd98cc _PyFunction_Vectorcall + 108
#14	pybind.cpython-310-x86_64-linux-gnu.so     0x79880d2fdb81 (null) + 133625243753345
#15	pybind.cpython-310-x86_64-linux-gnu.so     0x79880d0e5178 (null) + 133625241555320
#16	pybind.cpython-310-x86_64-linux-gnu.so     0x79880ffd2405 (null) + 133625290761221
#17	pybind.cpython-310-x86_64-linux-gnu.so     0x79880ffd282d (null) + 133625290762285


Traceback (most recent call last):
  File "/vol/bitbucket/mz325/individual_project/como/como/como_dataset.py", line 37, in <module>
    main(dataset)
  File "/vol/bitbucket/mz325/individual_project/como/como/como_dataset.py", line 25, in main
    app.run()
  File "/vol/bitbucket/mz325/individual_project/como/como/odom/sequential/ComoSeq.py", line 111, in <lambda>
    lambda: self.update_keyframe_render(
  File "/vol/bitbucket/mz325/individual_project/como/como/gui/GuiWindow.py", line 479, in update_keyframe_render
    self.widget3d.scene.add_geometry("sparse_points", spheres, self.sparse_pcd_mat)
RuntimeError: Caught an unknown exception!
/vol/bitbucket/mz325/envs/como/lib/python3.10/site-packages/numpy/linalg/linalg.py:2180: RuntimeWarning: invalid value encountered in det
  r = _umath_linalg.det(a, signature=signature)
Exception in thread UpdateMain:
Traceback (most recent call last):
  File "/vol/bitbucket/mz325/envs/como/lib/python3.10/threading.py", line 1016, in _bootstrap_inner
    self.run()
  File "/vol/bitbucket/mz325/envs/como/lib/python3.10/threading.py", line 953, in run
    self._target(*self._args, **self._kwargs)
  File "/vol/bitbucket/mz325/individual_project/como/como/gui/GuiWindow.py", line 613, in update_main
    self._on_close()
  File "/vol/bitbucket/mz325/individual_project/como/como/gui/GuiWindow.py", line 375, in _on_close
    self.save_traj()
  File "/vol/bitbucket/mz325/individual_project/como/como/gui/GuiWindow.py", line 365, in save_traj
    save_traj(filename, kf_timestamps, kf_poses)
  File "/vol/bitbucket/mz325/individual_project/como/como/utils/io.py", line 8, in save_traj
    tq = pose_to_tq(poses[i, :, :])
  File "/vol/bitbucket/mz325/individual_project/como/como/geometry/lie_algebra.py", line 13, in pose_to_tq
    q = Rotation.from_matrix(pose[:3, :3]).as_quat()
  File "_rotation.pyx", line 1152, in scipy.spatial.transform._rotation.Rotation.from_matrix
  File "/vol/bitbucket/mz325/envs/como/lib/python3.10/site-packages/numpy/linalg/linalg.py", line 1681, in svd
    u, s, vh = gufunc(a, signature=signature, extobj=extobj)
  File "/vol/bitbucket/mz325/envs/como/lib/python3.10/site-packages/numpy/linalg/linalg.py", line 121, in _raise_linalgerror_svd_nonconvergence
    raise LinAlgError("SVD did not converge")
numpy.linalg.LinAlgError: SVD did not converge
[2026-05-04T13:19:39.061] error: *** JOB 238042 ON gpuvm35 CANCELLED AT 2026-05-04T13:19:39 DUE to SIGNAL Terminated ***
