libEGL warning: failed to open /dev/dri/card3: Permission denied

libEGL warning: failed to open /dev/dri/card2: Permission denied

libEGL warning: failed to open /dev/dri/card1: Permission denied

libEGL warning: failed to open /dev/dri/card3: Permission denied

libEGL warning: failed to open /dev/dri/card2: Permission denied

libEGL warning: failed to open /dev/dri/card1: Permission denied

libEGL warning: failed to open /dev/dri/card3: Permission denied

libEGL warning: failed to open /dev/dri/card2: Permission denied

libEGL warning: failed to open /dev/dri/card1: Permission denied

The XKEYBOARD keymap compiler (xkbcomp) reports:
> Warning:          Could not resolve keysym XF86CameraAccessEnable
> Warning:          Could not resolve keysym XF86CameraAccessDisable
> Warning:          Could not resolve keysym XF86CameraAccessToggle
> Warning:          Could not resolve keysym XF86NextElement
> Warning:          Could not resolve keysym XF86PreviousElement
> Warning:          Could not resolve keysym XF86AutopilotEngageToggle
> Warning:          Could not resolve keysym XF86MarkWaypoint
> Warning:          Could not resolve keysym XF86Sos
> Warning:          Could not resolve keysym XF86NavChart
> Warning:          Could not resolve keysym XF86FishingChart
> Warning:          Could not resolve keysym XF86SingleRangeRadar
> Warning:          Could not resolve keysym XF86DualRangeRadar
> Warning:          Could not resolve keysym XF86RadarOverlay
> Warning:          Could not resolve keysym XF86TraditionalSonar
> Warning:          Could not resolve keysym XF86ClearvuSonar
> Warning:          Could not resolve keysym XF86SidevuSonar
> Warning:          Could not resolve keysym XF86NavInfo
Errors from xkbcomp are not fatal to the X server
Traceback (most recent call last):
  File "/vol/bitbucket/mz325/individual_project/como/como/como_dataset.py", line 37, in <module>
    main(dataset)
  File "/vol/bitbucket/mz325/individual_project/como/como/como_dataset.py", line 24, in main
    viz_window = ComoSeq(viz_cfg, slam_cfg, dataset)
  File "/vol/bitbucket/mz325/individual_project/como/como/odom/sequential/ComoSeq.py", line 14, in __init__
    super().__init__(viz_cfg, slam_cfg, dataset)
  File "/vol/bitbucket/mz325/individual_project/como/como/gui/GuiWindow.py", line 186, in __init__
    self.setup_slam_processes(slam_cfg)
  File "/vol/bitbucket/mz325/individual_project/como/como/odom/sequential/ComoSeq.py", line 25, in setup_slam_processes
    self.mapping.setup()
  File "/vol/bitbucket/mz325/individual_project/como/como/odom/Mapping.py", line 58, in setup
    self.init_basic_vars()
  File "/vol/bitbucket/mz325/individual_project/como/como/odom/Mapping.py", line 97, in init_basic_vars
    print(f"[Mapping] color={self.cfg['color']}, channels c={c}")
UnboundLocalError: local variable 'c' referenced before assignment
[2026-06-21T15:47:52.710] error: *** JOB 252348 ON gpuvm33 CANCELLED AT 2026-06-21T15:47:52 DUE to SIGNAL Terminated ***
